Archive member included to satisfy reference by file (symbol)

C:/Users/miche/Documents/GitHub/meltinglab/battery-management/workspace/bms_f4_ert_rtw/coderassumptions/lib/bms_f4_ca.lib(bms_f4_ca.o)
                              coder_assumptions_app.o (CA_bms_f4_HWRes)
C:/Users/miche/Documents/GitHub/meltinglab/battery-management/workspace/bms_f4_ert_rtw/coderassumptions/lib/bms_f4_ca.lib(coder_assumptions_hwimpl.o)
                              C:/Users/miche/Documents/GitHub/meltinglab/battery-management/workspace/bms_f4_ert_rtw/coderassumptions/lib/bms_f4_ca.lib(bms_f4_ca.o) (caVerifyPortableWordSizes)
C:/Users/miche/Documents/GitHub/meltinglab/battery-management/workspace/bms_f4_ert_rtw/coderassumptions/lib/bms_f4_ca.lib(coder_assumptions_flt.o)
                              C:/Users/miche/Documents/GitHub/meltinglab/battery-management/workspace/bms_f4_ert_rtw/coderassumptions/lib/bms_f4_ca.lib(coder_assumptions_hwimpl.o) (denormalAsZero)
c:/progra~3/matlab/suppor~1/r2021a/3p.instrset/gnuarm-armcortex.instrset/win/bin/../lib/gcc/arm-none-eabi/9.3.1/../../../../arm-none-eabi/lib/thumb/v7e-m+fp/hard\libm.a(lib_a-s_ceil.o)
                              ../instrumented/bms_f4.o (ceil)
c:/progra~3/matlab/suppor~1/r2021a/3p.instrset/gnuarm-armcortex.instrset/win/bin/../lib/gcc/arm-none-eabi/9.3.1/thumb/v7e-m+fp/hard\libgcc.a(_arm_muldf3.o)
                              ../instrumented/bms_f4.o (__aeabi_dmul)
c:/progra~3/matlab/suppor~1/r2021a/3p.instrset/gnuarm-armcortex.instrset/win/bin/../lib/gcc/arm-none-eabi/9.3.1/thumb/v7e-m+fp/hard\libgcc.a(_arm_addsubdf3.o)
                              ../instrumented/bms_f4.o (__aeabi_dsub)
c:/progra~3/matlab/suppor~1/r2021a/3p.instrset/gnuarm-armcortex.instrset/win/bin/../lib/gcc/arm-none-eabi/9.3.1/thumb/v7e-m+fp/hard\libgcc.a(_arm_muldivdf3.o)
                              ../instrumented/bms_f4.o (__aeabi_ddiv)
c:/progra~3/matlab/suppor~1/r2021a/3p.instrset/gnuarm-armcortex.instrset/win/bin/../lib/gcc/arm-none-eabi/9.3.1/thumb/v7e-m+fp/hard\libgcc.a(_arm_cmpdf2.o)
                              ../instrumented/rt_nonfinite.o (__aeabi_dcmpeq)
c:/progra~3/matlab/suppor~1/r2021a/3p.instrset/gnuarm-armcortex.instrset/win/bin/../lib/gcc/arm-none-eabi/9.3.1/thumb/v7e-m+fp/hard\libgcc.a(_arm_fixunsdfsi.o)
                              ../instrumented/bms_f4.o (__aeabi_d2uiz)
c:/progra~3/matlab/suppor~1/r2021a/3p.instrset/gnuarm-armcortex.instrset/win/bin/../lib/gcc/arm-none-eabi/9.3.1/thumb/v7e-m+fp/hard\libgcc.a(_arm_truncdfsf2.o)
                              ../instrumented/rt_nonfinite.o (__aeabi_d2f)
c:/progra~3/matlab/suppor~1/r2021a/3p.instrset/gnuarm-armcortex.instrset/win/bin/../lib/gcc/arm-none-eabi/9.3.1/../../../../arm-none-eabi/lib/thumb/v7e-m+fp/hard\libc_nano.a(lib_a-exit.o)
                              c:/progra~3/matlab/suppor~1/r2021a/3p.instrset/gnuarm-armcortex.instrset/win/bin/../lib/gcc/arm-none-eabi/9.3.1/../../../../arm-none-eabi/lib/thumb/v7e-m+fp/hard/crt0.o (exit)
c:/progra~3/matlab/suppor~1/r2021a/3p.instrset/gnuarm-armcortex.instrset/win/bin/../lib/gcc/arm-none-eabi/9.3.1/../../../../arm-none-eabi/lib/thumb/v7e-m+fp/hard\libc_nano.a(lib_a-impure.o)
                              c:/progra~3/matlab/suppor~1/r2021a/3p.instrset/gnuarm-armcortex.instrset/win/bin/../lib/gcc/arm-none-eabi/9.3.1/../../../../arm-none-eabi/lib/thumb/v7e-m+fp/hard\libc_nano.a(lib_a-exit.o) (_global_impure_ptr)
c:/progra~3/matlab/suppor~1/r2021a/3p.instrset/gnuarm-armcortex.instrset/win/bin/../lib/gcc/arm-none-eabi/9.3.1/../../../../arm-none-eabi/lib/thumb/v7e-m+fp/hard\libc_nano.a(lib_a-init.o)
                              c:/progra~3/matlab/suppor~1/r2021a/3p.instrset/gnuarm-armcortex.instrset/win/bin/../lib/gcc/arm-none-eabi/9.3.1/../../../../arm-none-eabi/lib/thumb/v7e-m+fp/hard/crt0.o (__libc_init_array)
c:/progra~3/matlab/suppor~1/r2021a/3p.instrset/gnuarm-armcortex.instrset/win/bin/../lib/gcc/arm-none-eabi/9.3.1/../../../../arm-none-eabi/lib/thumb/v7e-m+fp/hard\libc_nano.a(lib_a-memcpy-stub.o)
                              codeinstr_data_stream.o (memcpy)
c:/progra~3/matlab/suppor~1/r2021a/3p.instrset/gnuarm-armcortex.instrset/win/bin/../lib/gcc/arm-none-eabi/9.3.1/../../../../arm-none-eabi/lib/thumb/v7e-m+fp/hard\libc_nano.a(lib_a-memset.o)
                              c:/progra~3/matlab/suppor~1/r2021a/3p.instrset/gnuarm-armcortex.instrset/win/bin/../lib/gcc/arm-none-eabi/9.3.1/../../../../arm-none-eabi/lib/thumb/v7e-m+fp/hard/crt0.o (memset)
c:/progra~3/matlab/suppor~1/r2021a/3p.instrset/gnuarm-armcortex.instrset/win/bin/../lib/gcc/arm-none-eabi/9.3.1/../../../../arm-none-eabi/lib/thumb/v7e-m+fp/hard\libc_nano.a(lib_a-reent.o)
                              syscalls_stm32f4xx.o (errno)
c:/progra~3/matlab/suppor~1/r2021a/3p.instrset/gnuarm-armcortex.instrset/win/bin/../lib/gcc/arm-none-eabi/9.3.1/../../../../arm-none-eabi/lib/thumb/v7e-m+fp/hard\libc_nano.a(lib_a-nano-freer.o)
[...]
Memory Configuration

Name             Origin             Length             Attributes
FLASH            0x08000000         0x00100000         xr
SRAM             0x20000000         0x00020000         xrw
CCMRAM           0x10000000         0x00010000         rw
BACKUPRAM        0x40024000         0x00001000         rw
*default*        0x00000000         0xffffffff

Linker script and memory map

LOAD c:/progra~3/matlab/suppor~1/r2021a/3p.instrset/gnuarm-armcortex.instrset/win/bin/../lib/gcc/arm-none-eabi/9.3.1/thumb/v7e-m+fp/hard/crti.o
LOAD c:/progra~3/matlab/suppor~1/r2021a/3p.instrset/gnuarm-armcortex.instrset/win/bin/../lib/gcc/arm-none-eabi/9.3.1/thumb/v7e-m+fp/hard/crtbegin.o
LOAD c:/progra~3/matlab/suppor~1/r2021a/3p.instrset/gnuarm-armcortex.instrset/win/bin/../lib/gcc/arm-none-eabi/9.3.1/../../../../arm-none-eabi/lib/thumb/v7e-m+fp/hard/crt0.o
LOAD codeinstr_data_stream.o
LOAD codeinstr_rtiostream.o
LOAD coder_assumptions_app.o
LOAD coder_assumptions_data_stream.o
LOAD coder_assumptions_rtiostream.o
LOAD misc.o
LOAD pil_main_stm32f4xx.o
LOAD profiler_timer.o
LOAD rtiostream_serial_dma_stm32f4xx.o
LOAD rtiostream_utils.o
LOAD startup_stm32f4xx.o
LOAD stm32f4xx_dma.o
LOAD stm32f4xx_gpio.o
LOAD stm32f4xx_rcc.o
LOAD stm32f4xx_usart.o
LOAD syscalls_stm32f4xx.o
LOAD system_stm32f4xx.o
LOAD xil_data_stream.o
LOAD xil_instrumentation.o
LOAD xil_interface.o
LOAD xil_interface_lib.o
LOAD xil_rtiostream.o
LOAD xil_services.o
LOAD xilcomms_rtiostream.o
LOAD ../instrumented/bms_f4.o
LOAD ../instrumented/bms_f4_data.o
LOAD ../instrumented/rtGetInf.o
LOAD ../instrumented/rtGetNaN.o
LOAD ../instrumented/rt_nonfinite.o
LOAD C:/Users/miche/Documents/GitHub/meltinglab/battery-management/workspace/bms_f4_ert_rtw/coderassumptions/lib/bms_f4_ca.lib
LOAD C:/ProgramData/MATLAB/SupportPackages/R2021a/3P.instrset/cmsis.instrset/CMSIS/DSP/Lib/GCC/libarm_cortexM4lf_math.a
LOAD C:/ProgramData/MATLAB/SupportPackages/R2021a/3P.instrset/cmsis.instrset/CMSIS/RTOS/RTX/LIB/GCC/libRTX_CM4.a
LOAD c:/progra~3/matlab/suppor~1/r2021a/3p.instrset/gnuarm-armcortex.instrset/win/bin/../lib/gcc/arm-none-eabi/9.3.1/../../../../arm-none-eabi/lib/thumb/v7e-m+fp/hard\libstdc++_nano.a
LOAD c:/progra~3/matlab/suppor~1/r2021a/3p.instrset/gnuarm-armcortex.instrset/win/bin/../lib/gcc/arm-none-eabi/9.3.1/../../../../arm-none-eabi/lib/thumb/v7e-m+fp/hard\libm.a
START GROUP
LOAD c:/progra~3/matlab/suppor~1/r2021a/3p.instrset/gnuarm-armcortex.instrset/win/bin/../lib/gcc/arm-none-eabi/9.3.1/thumb/v7e-m+fp/hard\libgcc.a
LOAD c:/progra~3/matlab/suppor~1/r2021a/3p.instrset/gnuarm-armcortex.instrset/win/bin/../lib/gcc/arm-none-eabi/9.3.1/../../../../arm-none-eabi/lib/thumb/v7e-m+fp/hard\libc_nano.a
END GROUP
START GROUP
LOAD c:/progra~3/matlab/suppor~1/r2021a/3p.instrset/gnuarm-armcortex.instrset/win/bin/../lib/gcc/arm-none-eabi/9.3.1/thumb/v7e-m+fp/hard\libgcc.a
LOAD c:/progra~3/matlab/suppor~1/r2021a/3p.instrset/gnuarm-armcortex.instrset/win/bin/../lib/gcc/arm-none-eabi/9.3.1/../../../../arm-none-eabi/lib/thumb/v7e-m+fp/hard\libc_nano.a
LOAD c:/progra~3/matlab/suppor~1/r2021a/3p.instrset/gnuarm-armcortex.instrset/win/bin/../lib/gcc/arm-none-eabi/9.3.1/../../../../arm-none-eabi/lib/thumb/v7e-m+fp/hard\libnosys.a
END GROUP
START GROUP
LOAD c:/progra~3/matlab/suppor~1/r2021a/3p.instrset/gnuarm-armcortex.instrset/win/bin/../lib/gcc/arm-none-eabi/9.3.1/thumb/v7e-m+fp/hard\libgcc.a
LOAD c:/progra~3/matlab/suppor~1/r2021a/3p.instrset/gnuarm-armcortex.instrset/win/bin/../lib/gcc/arm-none-eabi/9.3.1/../../../../arm-none-eabi/lib/thumb/v7e-m+fp/hard\libc_nano.a
LOAD c:/progra~3/matlab/suppor~1/r2021a/3p.instrset/gnuarm-armcortex.instrset/win/bin/../lib/gcc/arm-none-eabi/9.3.1/../../../../arm-none-eabi/lib/thumb/v7e-m+fp/hard\libnosys.a
END GROUP
LOAD c:/progra~3/matlab/suppor~1/r2021a/3p.instrset/gnuarm-armcortex.instrset/win/bin/../lib/gcc/arm-none-eabi/9.3.1/thumb/v7e-m+fp/hard/crtend.o
LOAD c:/progra~3/matlab/suppor~1/r2021a/3p.instrset/gnuarm-armcortex.instrset/win/bin/../lib/gcc/arm-none-eabi/9.3.1/thumb/v7e-m+fp/hard/crtn.o

.text           0x08000000     0x8af4
 *(.vectors)
 .vectors       0x08000000      0x188 startup_stm32f4xx.o
                0x08000000                g_pfnVectors
 *(.text*)
 .text          0x08000188       0x40 c:/progra~3/matlab/suppor~1/r2021a/3p.instrset/gnuarm-armcortex.instrset/win/bin/../lib/gcc/arm-none-eabi/9.3.1/thumb/v7e-m+fp/hard/crtbegin.o
 .text          0x080001c8       0x7c c:/progra~3/matlab/suppor~1/r2021a/3p.instrset/gnuarm-armcortex.instrset/win/bin/../lib/gcc/arm-none-eabi/9.3.1/../../../../arm-none-eabi/lib/thumb/v7e-m+fp/hard/crt0.o
                0x080001c8                _stack_init
                0x080001d0                _start
                0x080001d0                _mainCRTStartup
 .text.resetCodeInstrWriteBuffer
                0x08000244       0x60 codeinstr_data_stream.o
 .text.codeInstrInit
                0x080002a4       0x1e codeinstr_data_stream.o
                0x080002a4                codeInstrInit
 *fill*         0x080002c2        0x2 
 .text.sendWriteBuffer
                0x080002c4       0x40 codeinstr_data_stream.o
 .text.codeInstrWriteData
                0x08000304       0xac codeinstr_data_stream.o
                0x08000304                codeInstrWriteData
 .text.codeInstrDataFlush
                0x080003b0       0x24 codeinstr_data_stream.o
                0x080003b0                codeInstrDataFlush
 .text.codeInstrTgtAppSvcCreate
                0x080003d4        0x6 codeinstr_rtiostream.o
                0x080003d4                codeInstrTgtAppSvcCreate
 *fill*         0x080003da        0x2 
 .text.codeInstrTgtAppSvcAllocBuffer
                0x080003dc       0x1c codeinstr_rtiostream.o
                0x080003dc                codeInstrTgtAppSvcAllocBuffer
 .text.codeInstrTgtAppSvcGetBufferDataPtr
                0x080003f8       0x10 codeinstr_rtiostream.o
                0x080003f8                codeInstrTgtAppSvcGetBufferDataPtr
 .text.codeInstrTgtAppSvcSend
                0x08000408       0x26 codeinstr_rtiostream.o
                0x08000408                codeInstrTgtAppSvcSend
 .text.sendResult
                0x0800042e       0xdc coder_assumptions_app.o
 .text.transmitMemUnitBytes
                0x0800050a       0x4e coder_assumptions_app.o
 .text.sendPWS  0x08000558       0xec coder_assumptions_app.o
 .text.sendHWImpl1
                0x08000644      0x148 coder_assumptions_app.o
 .text.sendHWImpl2
                0x0800078c      0x148 coder_assumptions_app.o
 .text.sendHWImpl3
                0x080008d4      0x10c coder_assumptions_app.o
 .text.sendHWImpl4
                0x080009e0      0x10c coder_assumptions_app.o
 .text.sendHardwareChecks
                0x08000aec      0x150 coder_assumptions_app.o
 .text.runChecks
                0x08000c3c       0xec coder_assumptions_app.o
 .text.coderAssumptionsRun
                0x08000d28       0x16 coder_assumptions_app.o
                0x08000d28                coderAssumptionsRun
 *fill*         0x08000d3e        0x2 
 .text.coderAssumptionsWriteData
                0x08000d40       0x70 coder_assumptions_data_stream.o
                0x08000d40                coderAssumptionsWriteData
 .text.resetCoderAssumptionsWriteBuffer
                0x08000db0       0x3c coder_assumptions_data_stream.o
                0x08000db0                resetCoderAssumptionsWriteBuffer
 .text.coderAssumptionsSendWriteBuffer
                0x08000dec       0x3c coder_assumptions_data_stream.o
                0x08000dec                coderAssumptionsSendWriteBuffer
 .text.coderAssumptionsInit
                0x08000e28       0x1e coder_assumptions_data_stream.o
                0x08000e28                coderAssumptionsInit
 .text.coderAssumpTgtAppSvcCreate
                0x08000e46        0x6 coder_assumptions_rtiostream.o
                0x08000e46                coderAssumpTgtAppSvcCreate
 .text.coderAssumpTgtAppSvcAllocBuffer
                0x08000e4c       0x1c coder_assumptions_rtiostream.o
                0x08000e4c                coderAssumpTgtAppSvcAllocBuffer
 .text.coderAssumpTgtAppSvcGetBufferDataPtr
                0x08000e68       0x10 coder_assumptions_rtiostream.o
                0x08000e68                coderAssumpTgtAppSvcGetBufferDataPtr
 .text.coderAssumpTgtAppSvcSend
                0x08000e78       0x26 coder_assumptions_rtiostream.o
                0x08000e78                coderAssumpTgtAppSvcSend
 *fill*         0x08000e9e        0x2 
 .text.NVIC_Init
                0x08000ea0       0xdc misc.o
                0x08000ea0                NVIC_Init
 .text.main     0x08000f7c       0x70 pil_main_stm32f4xx.o
                0x08000f7c                main
 .text.profileTimerRead
                0x08000fec       0x68 profiler_timer.o
                0x08000fec                profileTimerRead
 .text.SysTick_Handler
                0x08001054       0x14 profiler_timer.o
                0x08001054                SysTick_Handler
 .text.rtIOStreamOpen
                0x08001068       0x6c rtiostream_serial_dma_stm32f4xx.o
                0x08001068                rtIOStreamOpen
 .text.rtIOStreamSend
                0x080010d4       0x80 rtiostream_serial_dma_stm32f4xx.o
                0x080010d4                rtIOStreamSend
 .text.DMA1_Stream6_IRQHandler
                0x08001154       0x24 rtiostream_serial_dma_stm32f4xx.o
                0x08001154                DMA1_Stream6_IRQHandler
 .text.rtIOStreamRecv
                0x08001178       0x98 rtiostream_serial_dma_stm32f4xx.o
                0x08001178                rtIOStreamRecv
 .text.DMA_RxInit
                0x08001210       0xe4 rtiostream_serial_dma_stm32f4xx.o
 .text.DMA_TxInit
                0x080012f4       0xb0 rtiostream_serial_dma_stm32f4xx.o
 .text.UART_getRxBytes
                0x080013a4       0x4c rtiostream_serial_dma_stm32f4xx.o
 .text.DMA1_Stream5_IRQHandler
                0x080013f0       0x24 rtiostream_serial_dma_stm32f4xx.o
                0x080013f0                DMA1_Stream5_IRQHandler
 .text.USART2_init
                0x08001414       0xa8 rtiostream_serial_dma_stm32f4xx.o
 .text.rtIOStreamBlockingSend
                0x080014bc       0x60 rtiostream_utils.o
                0x080014bc                rtIOStreamBlockingSend
 .text.rtIOStreamBlockingRecv
                0x0800151c       0x60 rtiostream_utils.o
                0x0800151c                rtIOStreamBlockingRecv
 .text.Default_ResetHandler
                0x0800157c       0x54 startup_stm32f4xx.o
                0x0800157c                Reset_Handler
                0x0800157c                Default_ResetHandler
 .text.Default_Handler
                0x080015d0        0x2 startup_stm32f4xx.o
                0x080015d0                RTC_Alarm_IRQHandler
                0x080015d0                HASH_RNG_IRQHandler
                0x080015d0                EXTI2_IRQHandler
                0x080015d0                TIM8_CC_IRQHandler
                0x080015d0                DebugMon_Handler
                0x080015d0                TIM1_CC_IRQHandler
                0x080015d0                DMA2_Stream5_IRQHandler
                0x080015d0                HardFault_Handler
                0x080015d0                PVD_IRQHandler
                0x080015d0                SDIO_IRQHandler
                0x080015d0                TAMP_STAMP_IRQHandler
                0x080015d0                PendSV_Handler
                0x080015d0                NMI_Handler
                0x080015d0                CAN2_RX1_IRQHandler
                0x080015d0                EXTI3_IRQHandler
                0x080015d0                TIM8_TRG_COM_TIM14_IRQHandler
                0x080015d0                TIM1_UP_TIM10_IRQHandler
                0x080015d0                TIM8_UP_TIM13_IRQHandler
                0x080015d0                I2C3_ER_IRQHandler
                0x080015d0                EXTI0_IRQHandler
                0x080015d0                I2C2_EV_IRQHandler
                0x080015d0                DMA1_Stream2_IRQHandler
                0x080015d0                CAN1_RX0_IRQHandler
                0x080015d0                FPU_IRQHandler
                0x080015d0                OTG_HS_WKUP_IRQHandler
                0x080015d0                UsageFault_Handler
                0x080015d0                CAN2_SCE_IRQHandler
                0x080015d0                DMA2_Stream2_IRQHandler
                0x080015d0                SPI1_IRQHandler
                0x080015d0                TIM6_DAC_IRQHandler
                0x080015d0                TIM1_BRK_TIM9_IRQHandler
                0x080015d0                DCMI_IRQHandler
                0x080015d0                CAN2_RX0_IRQHandler
                0x080015d0                DMA2_Stream3_IRQHandler
                0x080015d0                USART6_IRQHandler
                0x080015d0                USART3_IRQHandler
                0x080015d0                CRYP_IRQHandler
                0x080015d0                CAN1_RX1_IRQHandler
                0x080015d0                UART5_IRQHandler
                0x080015d0                DMA2_Stream0_IRQHandler
                0x080015d0                TIM4_IRQHandler
                0x080015d0                I2C1_EV_IRQHandler
                0x080015d0                DMA1_Stream1_IRQHandler
                0x080015d0                UART4_IRQHandler
                0x080015d0                TIM3_IRQHandler
                0x080015d0                RCC_IRQHandler
                0x080015d0                TIM8_BRK_TIM12_IRQHandler
                0x080015d0                EXTI15_10_IRQHandler
                0x080015d0                ADC_IRQHandler
                0x080015d0                DMA1_Stream7_IRQHandler
                0x080015d0                TIM7_IRQHandler
                0x080015d0                CAN2_TX_IRQHandler
                0x080015d0                TIM5_IRQHandler
                0x080015d0                DMA2_Stream7_IRQHandler
                0x080015d0                I2C3_EV_IRQHandler
                0x080015d0                EXTI9_5_IRQHandler
                0x080015d0                RTC_WKUP_IRQHandler
                0x080015d0                ETH_WKUP_IRQHandler
                0x080015d0                SPI2_IRQHandler
                0x080015d0                OTG_HS_EP1_IN_IRQHandler
                0x080015d0                MemManage_Handler
                0x080015d0                DMA1_Stream0_IRQHandler
                0x080015d0                CAN1_TX_IRQHandler
                0x080015d0                SVC_Handler
                0x080015d0                EXTI4_IRQHandler
                0x080015d0                FSMC_IRQHandler
                0x080015d0                ETH_IRQHandler
                0x080015d0                OTG_HS_EP1_OUT_IRQHandler
                0x080015d0                WWDG_IRQHandler
                0x080015d0                TIM2_IRQHandler
                0x080015d0                OTG_FS_WKUP_IRQHandler
                0x080015d0                TIM1_TRG_COM_TIM11_IRQHandler
                0x080015d0                OTG_HS_IRQHandler
                0x080015d0                EXTI1_IRQHandler
                0x080015d0                USART2_IRQHandler
                0x080015d0                I2C2_ER_IRQHandler
                0x080015d0                DMA2_Stream1_IRQHandler
                0x080015d0                CAN1_SCE_IRQHandler
                0x080015d0                FLASH_IRQHandler
                0x080015d0                DMA2_Stream4_IRQHandler
                0x080015d0                BusFault_Handler
                0x080015d0                USART1_IRQHandler
                0x080015d0                OTG_FS_IRQHandler
                0x080015d0                SPI3_IRQHandler
                0x080015d0                DMA1_Stream4_IRQHandler
                0x080015d0                I2C1_ER_IRQHandler
                0x080015d0                DMA2_Stream6_IRQHandler
                0x080015d0                DMA1_Stream3_IRQHandler
 *fill*         0x080015d2        0x2 
 .text.DMA_DeInit
                0x080015d4      0x19c stm32f4xx_dma.o
                0x080015d4                DMA_DeInit
 .text.DMA_Init
                0x08001770       0xa4 stm32f4xx_dma.o
                0x08001770                DMA_Init
 .text.DMA_Cmd  0x08001814       0x32 stm32f4xx_dma.o
                0x08001814                DMA_Cmd
 .text.DMA_GetCurrDataCounter
                0x08001846       0x10 stm32f4xx_dma.o
                0x08001846                DMA_GetCurrDataCounter
 .text.DMA_GetCmdStatus
                0x08001856       0x2e stm32f4xx_dma.o
                0x08001856                DMA_GetCmdStatus
 .text.DMA_ITConfig
                0x08001884       0x70 stm32f4xx_dma.o
                0x08001884                DMA_ITConfig
 .text.DMA_GetITStatus
                0x080018f4       0xac stm32f4xx_dma.o
                0x080018f4                DMA_GetITStatus
 .text.DMA_ClearITPendingBit
                0x080019a0       0x54 stm32f4xx_dma.o
                0x080019a0                DMA_ClearITPendingBit
 .text.GPIO_Init
                0x080019f4      0x114 stm32f4xx_gpio.o
                0x080019f4                GPIO_Init
 .text.GPIO_StructInit
                0x08001b08       0x2a stm32f4xx_gpio.o
                0x08001b08                GPIO_StructInit
 .text.GPIO_PinAFConfig
                0x08001b32       0x9a stm32f4xx_gpio.o
                0x08001b32                GPIO_PinAFConfig
 .text.RCC_GetClocksFreq
                0x08001bcc      0x154 stm32f4xx_rcc.o
                0x08001bcc                RCC_GetClocksFreq
 .text.RCC_AHB1PeriphClockCmd
                0x08001d20       0x38 stm32f4xx_rcc.o
                0x08001d20                RCC_AHB1PeriphClockCmd
 .text.RCC_APB1PeriphClockCmd
                0x08001d58       0x38 stm32f4xx_rcc.o
                0x08001d58                RCC_APB1PeriphClockCmd
 .text.USART_Init
                0x08001d90      0x170 stm32f4xx_usart.o
                0x08001d90                USART_Init
 .text.USART_StructInit
                0x08001f00       0x30 stm32f4xx_usart.o
                0x08001f00                USART_StructInit
 .text.USART_Cmd
                0x08001f30       0x3a stm32f4xx_usart.o
                0x08001f30                USART_Cmd
 .text.USART_DMACmd
                0x08001f6a       0x48 stm32f4xx_usart.o
                0x08001f6a                USART_DMACmd
 .text._exit    0x08001fb2        0x6 syscalls_stm32f4xx.o
                0x08001fb2                _exit
 .text.SystemInit
                0x08001fb8       0x68 system_stm32f4xx.o
                0x08001fb8                SystemInit
 .text.SystemCoreClockUpdate
                0x08002020       0xf8 system_stm32f4xx.o
                0x08002020                SystemCoreClockUpdate
 .text.SetSysClock
                0x08002118       0xec system_stm32f4xx.o
 .text.resetXILWriteBuffer
                0x08002204       0x60 xil_data_stream.o
                0x08002204                resetXILWriteBuffer
 .text.silpilInit
                0x08002264       0x1e xil_data_stream.o
                0x08002264                silpilInit
 *fill*         0x08002282        0x2 
 .text.sendWriteBuffer
                0x08002284       0x40 xil_data_stream.o
 .text.xilWriteData
                0x080022c4       0xac xil_data_stream.o
                0x080022c4                xilWriteData
 .text.xilReadData
                0x08002370       0xbc xil_data_stream.o
                0x08002370                xilReadData
 .text.xilDataFlush
                0x0800242c       0x40 xil_data_stream.o
                0x0800242c                xilDataFlush
 .text.xilProfilingTimerFreezeInternal
                0x0800246c       0x24 xil_instrumentation.o
                0x0800246c                xilProfilingTimerFreezeInternal
 .text.xilProfilingTimerUnFreezeInternal
                0x08002490       0x14 xil_instrumentation.o
                0x08002490                xilProfilingTimerUnFreezeInternal
 .text.taskTimeStart
                0x080024a4       0x18 xil_instrumentation.o
                0x080024a4                taskTimeStart
 .text.taskTimeEnd
                0x080024bc       0x18 xil_instrumentation.o
                0x080024bc                taskTimeEnd
 .text.captureMode
                0x080024d4       0x40 xil_instrumentation.o
                0x080024d4                captureMode
 .text.captureModeStart
                0x08002514       0x3c xil_instrumentation.o
                0x08002514                captureModeStart
 .text.captureModeEnd
                0x08002550       0xa4 xil_instrumentation.o
                0x08002550                captureModeEnd
 .text.taskTimeStart_bms_f4
                0x080025f4       0x14 xil_instrumentation.o
                0x080025f4                taskTimeStart_bms_f4
 .text.taskTimeEnd_bms_f4
                0x08002608       0x14 xil_instrumentation.o
                0x08002608                taskTimeEnd_bms_f4
 .text.captureMode_bms_f4
                0x0800261c       0x18 xil_instrumentation.o
                0x0800261c                captureMode_bms_f4
 .text.PauseEvent
                0x08002634        0x4 xil_instrumentation.o
                0x08002634                PauseEvent
 .text.TerminateEvent
                0x08002638        0xc xil_instrumentation.o
                0x08002638                TerminateEvent
 .text.StepCompletedEvent
                0x08002644        0x4 xil_instrumentation.o
                0x08002644                StepCompletedEvent
 .text.xilProcessParams
                0x08002648       0x16 xil_interface.o
                0x08002648                xilProcessParams
 .text.xilUploadCodeInstrData
                0x0800265e       0x48 xil_interface.o
                0x0800265e                xilUploadCodeInstrData
 .text.xilGetDataTypeInfo
                0x080026a6       0x6a xil_interface.o
                0x080026a6                xilGetDataTypeInfo
 .text.xilInitialize
                0x08002710       0x36 xil_interface.o
                0x08002710                xilInitialize
 .text.xilPause
                0x08002746       0x2a xil_interface.o
                0x08002746                xilPause
 .text.xilSystemInitialize
                0x08002770       0x20 xil_interface.o
                0x08002770                xilSystemInitialize
 .text.xilSystemReset
                0x08002790       0x20 xil_interface.o
                0x08002790                xilSystemReset
 .text.xilGetHostToTargetData
                0x080027b0      0x4c8 xil_interface.o
                0x080027b0                xilGetHostToTargetData
 .text.xilGetTargetToHostPreData
                0x08002c78       0x3c xil_interface.o
                0x08002c78                xilGetTargetToHostPreData
 .text.xilOutput
                0x08002cb4       0x3c xil_interface.o
                0x08002cb4                xilOutput
 .text.xilUpdate
                0x08002cf0       0x18 xil_interface.o
                0x08002cf0                xilUpdate
 .text.xilGetTargetToHostData
                0x08002d08      0x5b0 xil_interface.o
                0x08002d08                xilGetTargetToHostData
 .text.xilTerminate
                0x080032b8       0x2e xil_interface.o
                0x080032b8                xilTerminate
 .text.xilEnable
                0x080032e6       0x18 xil_interface.o
                0x080032e6                xilEnable
 .text.xilDisable
                0x080032fe       0x18 xil_interface.o
                0x080032fe                xilDisable
 *fill*         0x08003316        0x2 
 .text.getNextXILIOData
                0x08003318       0x1c xil_interface_lib.o
 .text.processHostToTargetData
                0x08003334       0xa8 xil_interface_lib.o
 .text.processTargetToHostData
                0x080033dc       0x80 xil_interface_lib.o
 .text.processTargetToHostPreData
                0x0800345c       0x84 xil_interface_lib.o
 .text.finalizeCommandResponse
                0x080034e0       0x80 xil_interface_lib.o
 .text.computeNextState
                0x08003560      0x228 xil_interface_lib.o
 .text.xilReadCommandCode
                0x08003788       0x88 xil_interface_lib.o
 .text.xilProcessMsg
                0x08003810      0x530 xil_interface_lib.o
                0x08003810                xilProcessMsg
 .text.xilRun   0x08003d40       0x48 xil_interface_lib.o
                0x08003d40                xilRun
 .text.xilTgtAppSvcCreate
                0x08003d88        0x6 xil_rtiostream.o
                0x08003d88                xilTgtAppSvcCreate
 *fill*         0x08003d8e        0x2 
 .text.xilTgtAppSvcAllocBuffer
                0x08003d90       0x1c xil_rtiostream.o
                0x08003d90                xilTgtAppSvcAllocBuffer
 .text.xilTgtAppSvcGetBufferDataPtr
                0x08003dac       0x10 xil_rtiostream.o
                0x08003dac                xilTgtAppSvcGetBufferDataPtr
 .text.xilTgtAppSvcSend
                0x08003dbc       0x26 xil_rtiostream.o
                0x08003dbc                xilTgtAppSvcSend
 .text.xilInit  0x08003de2       0x50 xil_services.o
                0x08003de2                xilInit
 *fill*         0x08003e32        0x2 
 .text.commsInit
                0x08003e34       0x34 xilcomms_rtiostream.o
                0x08003e34                commsInit
 .text.commsEnqueueBuffer
                0x08003e68       0x74 xilcomms_rtiostream.o
                0x08003e68                commsEnqueueBuffer
 .text.rtiostreamReadMessage
                0x08003edc       0x78 xilcomms_rtiostream.o
                0x08003edc                rtiostreamReadMessage
 .text.look1_binlxpw
                0x08003f54      0x1ce ../instrumented/bms_f4.o
                0x08003f54                look1_binlxpw
 .text.bms_f4_Chart1_Init
                0x08004122       0x3e ../instrumented/bms_f4.o
                0x08004122                bms_f4_Chart1_Init
 .text.bms_f4_Chart1
                0x08004160      0x44c ../instrumented/bms_f4.o
                0x08004160                bms_f4_Chart1
 .text.bms_f4_step
                0x080045ac     0x2c98 ../instrumented/bms_f4.o
                0x080045ac                bms_f4_step
 .text.bms_f4_initialize
                0x08007244      0x1d0 ../instrumented/bms_f4.o
                0x08007244                bms_f4_initialize
 .text.bms_f4_terminate
                0x08007414        0x4 ../instrumented/bms_f4.o
                0x08007414                bms_f4_terminate
 .text.rtGetInf
                0x08007418       0x5c ../instrumented/rtGetInf.o
                0x08007418                rtGetInf
 .text.rtGetInfF
                0x08007474       0x16 ../instrumented/rtGetInf.o
                0x08007474                rtGetInfF
 *fill*         0x0800748a        0x2 
 .text.rtGetMinusInf
                0x0800748c       0x5c ../instrumented/rtGetInf.o
                0x0800748c                rtGetMinusInf
 .text.rtGetMinusInfF
                0x080074e8       0x18 ../instrumented/rtGetInf.o
                0x080074e8                rtGetMinusInfF
 .text.rtGetNaN
                0x08007500       0x5c ../instrumented/rtGetNaN.o
                0x08007500                rtGetNaN
 .text.rtGetNaNF
                0x0800755c       0x20 ../instrumented/rtGetNaN.o
                0x0800755c                rtGetNaNF
 .text.rt_InitInfAndNaN
                0x0800757c       0x88 ../instrumented/rt_nonfinite.o
                0x0800757c                rt_InitInfAndNaN
 .text.rtIsNaN  0x08007604       0x70 ../instrumented/rt_nonfinite.o
                0x08007604                rtIsNaN
 .text.rtIsNaNF
                0x08007674       0x2e ../instrumented/rt_nonfinite.o
                0x08007674                rtIsNaNF
 *fill*         0x080076a2        0x2 
 .text.bms_f4_caRunTests
                0x080076a4       0x2c C:/Users/miche/Documents/GitHub/meltinglab/battery-management/workspace/bms_f4_ert_rtw/coderassumptions/lib/bms_f4_ca.lib(bms_f4_ca.o)
                0x080076a4                bms_f4_caRunTests
 .text.numBits  0x080076d0       0x24 C:/Users/miche/Documents/GitHub/meltinglab/battery-management/workspace/bms_f4_ert_rtw/coderassumptions/lib/bms_f4_ca.lib(coder_assumptions_hwimpl.o)
 .text.getBitsPerMemUnit
                0x080076f4       0x16 C:/Users/miche/Documents/GitHub/meltinglab/battery-management/workspace/bms_f4_ert_rtw/coderassumptions/lib/bms_f4_ca.lib(coder_assumptions_hwimpl.o)
 .text.getCPUInfo
                0x0800770a      0x212 C:/Users/miche/Documents/GitHub/meltinglab/battery-management/workspace/bms_f4_ert_rtw/coderassumptions/lib/bms_f4_ca.lib(coder_assumptions_hwimpl.o)
 .text.testPass
                0x0800791c       0x36 C:/Users/miche/Documents/GitHub/meltinglab/battery-management/workspace/bms_f4_ert_rtw/coderassumptions/lib/bms_f4_ca.lib(coder_assumptions_hwimpl.o)
 .text.testFail
                0x08007952       0x36 C:/Users/miche/Documents/GitHub/meltinglab/battery-management/workspace/bms_f4_ert_rtw/coderassumptions/lib/bms_f4_ca.lib(coder_assumptions_hwimpl.o)
 .text.testWarn
                0x08007988       0x36 C:/Users/miche/Documents/GitHub/meltinglab/battery-management/workspace/bms_f4_ert_rtw/coderassumptions/lib/bms_f4_ca.lib(coder_assumptions_hwimpl.o)
 .text.testSkip
                0x080079be       0x36 C:/Users/miche/Documents/GitHub/meltinglab/battery-management/workspace/bms_f4_ert_rtw/coderassumptions/lib/bms_f4_ca.lib(coder_assumptions_hwimpl.o)
 .text.testReview
                0x080079f4       0x36 C:/Users/miche/Documents/GitHub/meltinglab/battery-management/workspace/bms_f4_ert_rtw/coderassumptions/lib/bms_f4_ca.lib(coder_assumptions_hwimpl.o)
 .text.runTest  0x08007a2a       0x4c C:/Users/miche/Documents/GitHub/meltinglab/battery-management/workspace/bms_f4_ert_rtw/coderassumptions/lib/bms_f4_ca.lib(coder_assumptions_hwimpl.o)
 .text.caVerifyPortableWordSizes
                0x08007a76       0x54 C:/Users/miche/Documents/GitHub/meltinglab/battery-management/workspace/bms_f4_ert_rtw/coderassumptions/lib/bms_f4_ca.lib(coder_assumptions_hwimpl.o)
                0x08007a76                caVerifyPortableWordSizes
 *fill*         0x08007aca        0x2 
 .text.caVerifyHWImpl
                0x08007acc      0x47c C:/Users/miche/Documents/GitHub/meltinglab/battery-management/workspace/bms_f4_ert_rtw/coderassumptions/lib/bms_f4_ca.lib(coder_assumptions_hwimpl.o)
                0x08007acc                caVerifyHWImpl
 .text.ceil     0x08007f48      0x100 c:/progra~3/matlab/suppor~1/r2021a/3p.instrset/gnuarm-armcortex.instrset/win/bin/../lib/gcc/arm-none-eabi/9.3.1/../../../../arm-none-eabi/lib/thumb/v7e-m+fp/hard\libm.a(lib_a-s_ceil.o)
                0x08007f48                ceil
 .text          0x08008048      0x378 c:/progra~3/matlab/suppor~1/r2021a/3p.instrset/gnuarm-armcortex.instrset/win/bin/../lib/gcc/arm-none-eabi/9.3.1/thumb/v7e-m+fp/hard\libgcc.a(_arm_addsubdf3.o)
                0x08008048                __aeabi_drsub
                0x08008050                __aeabi_dsub
                0x08008050                __subdf3
                0x08008054                __aeabi_dadd
                0x08008054                __adddf3
                0x080082cc                __floatunsidf
                0x080082cc                __aeabi_ui2d
                0x080082ec                __floatsidf
                0x080082ec                __aeabi_i2d
                0x08008310                __aeabi_f2d
                0x08008310                __extendsfdf2
                0x08008354                __floatundidf
                0x08008354                __aeabi_ul2d
                0x08008364                __floatdidf
                0x08008364                __aeabi_l2d
 .text          0x080083c0      0x424 c:/progra~3/matlab/suppor~1/r2021a/3p.instrset/gnuarm-armcortex.instrset/win/bin/../lib/gcc/arm-none-eabi/9.3.1/thumb/v7e-m+fp/hard\libgcc.a(_arm_muldivdf3.o)
                0x080083c0                __aeabi_dmul
                0x080083c0                __muldf3
                0x08008614                __divdf3
                0x08008614                __aeabi_ddiv
 .text          0x080087e4      0x110 c:/progra~3/matlab/suppor~1/r2021a/3p.instrset/gnuarm-armcortex.instrset/win/bin/../lib/gcc/arm-none-eabi/9.3.1/thumb/v7e-m+fp/hard\libgcc.a(_arm_cmpdf2.o)
                0x080087e4                __gtdf2
                0x080087e4                __gedf2
                0x080087ec                __ltdf2
                0x080087ec                __ledf2
                0x080087f4                __nedf2
                0x080087f4                __eqdf2
                0x080087f4                __cmpdf2
                0x08008870                __aeabi_cdrcmple
                0x08008880                __aeabi_cdcmpeq
                0x08008880                __aeabi_cdcmple
                0x08008890                __aeabi_dcmpeq
                0x080088a4                __aeabi_dcmplt
                0x080088b8                __aeabi_dcmple
                0x080088cc                __aeabi_dcmpge
                0x080088e0                __aeabi_dcmpgt
 .text          0x080088f4       0x40 c:/progra~3/matlab/suppor~1/r2021a/3p.instrset/gnuarm-armcortex.instrset/win/bin/../lib/gcc/arm-none-eabi/9.3.1/thumb/v7e-m+fp/hard\libgcc.a(_arm_fixunsdfsi.o)
                0x080088f4                __aeabi_d2uiz
                0x080088f4                __fixunsdfsi
 .text          0x08008934       0xa0 c:/progra~3/matlab/suppor~1/r2021a/3p.instrset/gnuarm-armcortex.instrset/win/bin/../lib/gcc/arm-none-eabi/9.3.1/thumb/v7e-m+fp/hard\libgcc.a(_arm_truncdfsf2.o)
                0x08008934                __truncdfsf2
                0x08008934                __aeabi_d2f
 .text.exit     0x080089d4       0x28 c:/progra~3/matlab/suppor~1/r2021a/3p.instrset/gnuarm-armcortex.instrset/win/bin/../lib/gcc/arm-none-eabi/9.3.1/../../../../arm-none-eabi/lib/thumb/v7e-m+fp/hard\libc_nano.a(lib_a-exit.o)
                0x080089d4                exit
 .text.__libc_init_array
                0x080089fc       0x48 c:/progra~3/matlab/suppor~1/r2021a/3p.instrset/gnuarm-armcortex.instrset/win/bin/../lib/gcc/arm-none-eabi/9.3.1/../../../../arm-none-eabi/lib/thumb/v7e-m+fp/hard\libc_nano.a(lib_a-init.o)
                0x080089fc                __libc_init_array
 .text.memcpy   0x08008a44       0x1c c:/progra~3/matlab/suppor~1/r2021a/3p.instrset/gnuarm-armcortex.instrset/win/bin/../lib/gcc/arm-none-eabi/9.3.1/../../../../arm-none-eabi/lib/thumb/v7e-m+fp/hard\libc_nano.a(lib_a-memcpy-stub.o)
                0x08008a44                memcpy
 .text.memset   0x08008a60       0x10 c:/progra~3/matlab/suppor~1/r2021a/3p.instrset/gnuarm-armcortex.instrset/win/bin/../lib/gcc/arm-none-eabi/9.3.1/../../../../arm-none-eabi/lib/thumb/v7e-m+fp/hard\libc_nano.a(lib_a-memset.o)
                0x08008a60                memset
 *(.init)
 .init          0x08008a70        0x4 c:/progra~3/matlab/suppor~1/r2021a/3p.instrset/gnuarm-armcortex.instrset/win/bin/../lib/gcc/arm-none-eabi/9.3.1/thumb/v7e-m+fp/hard/crti.o
                0x08008a70                _init
 .init          0x08008a74        0x8 c:/progra~3/matlab/suppor~1/r2021a/3p.instrset/gnuarm-armcortex.instrset/win/bin/../lib/gcc/arm-none-eabi/9.3.1/thumb/v7e-m+fp/hard/crtn.o
 *(.fini)
 .fini          0x08008a7c        0x4 c:/progra~3/matlab/suppor~1/r2021a/3p.instrset/gnuarm-armcortex.instrset/win/bin/../lib/gcc/arm-none-eabi/9.3.1/thumb/v7e-m+fp/hard/crti.o
                0x08008a7c                _fini
 .fini          0x08008a80        0x8 c:/progra~3/matlab/suppor~1/r2021a/3p.instrset/gnuarm-armcortex.instrset/win/bin/../lib/gcc/arm-none-eabi/9.3.1/thumb/v7e-m+fp/hard/crtn.o
 *crtbegin.o(.ctors)
 *crtbegin?.o(.ctors)
 *(EXCLUDE_FILE(*crtend.o *crtend?.o) .ctors)
 *(SORT_BY_NAME(.ctors.*))
 *(.ctors)
 *crtbegin.o(.dtors)
 *crtbegin?.o(.dtors)
 *(EXCLUDE_FILE(*crtend.o *crtend?.o) .dtors)
 *(SORT_BY_NAME(.dtors.*))
 *(.dtors)
 *(.rodata*)
 .rodata        0x08008a88       0x1b C:/Users/miche/Documents/GitHub/meltinglab/battery-management/workspace/bms_f4_ert_rtw/coderassumptions/lib/bms_f4_ca.lib(bms_f4_ca.o)
 *fill*         0x08008aa3        0x1 
 .rodata.CA_bms_f4_ExpHW
                0x08008aa4       0x4c C:/Users/miche/Documents/GitHub/meltinglab/battery-management/workspace/bms_f4_ert_rtw/coderassumptions/lib/bms_f4_ca.lib(bms_f4_ca.o)
                0x08008aa4                CA_bms_f4_ExpHW
 .rodata._global_impure_ptr
                0x08008af0        0x4 c:/progra~3/matlab/suppor~1/r2021a/3p.instrset/gnuarm-armcortex.instrset/win/bin/../lib/gcc/arm-none-eabi/9.3.1/../../../../arm-none-eabi/lib/thumb/v7e-m+fp/hard\libc_nano.a(lib_a-impure.o)
                0x08008af0                _global_impure_ptr
 *(.eh_fram e*)

.eh_frame       0x08008af4        0x0
 .eh_frame      0x08008af4        0x0 c:/progra~3/matlab/suppor~1/r2021a/3p.instrset/gnuarm-armcortex.instrset/win/bin/../lib/gcc/arm-none-eabi/9.3.1/thumb/v7e-m+fp/hard/crtbegin.o

.glue_7         0x08008af4        0x0
 .glue_7        0x08008af4        0x0 linker stubs

.glue_7t        0x08008af4        0x0
 .glue_7t       0x08008af4        0x0 linker stubs

.vfp11_veneer   0x08008af4        0x0
 .vfp11_veneer  0x08008af4        0x0 linker stubs

.v4_bx          0x08008af4        0x0
 .v4_bx         0x08008af4        0x0 linker stubs

.iplt           0x08008af4        0x0
 .iplt          0x08008af4        0x0 c:/progra~3/matlab/suppor~1/r2021a/3p.instrset/gnuarm-armcortex.instrset/win/bin/../lib/gcc/arm-none-eabi/9.3.1/thumb/v7e-m+fp/hard/crtbegin.o

.ARM.extab
 *(.ARM.extab* .gnu.linkonce.armextab.*)
                0x08008af4                __exidx_start = .

.ARM.exidx      0x08008af4        0x8
 *(.ARM.exidx* .gnu.linkonce.armexidx.*)
 .ARM.exidx     0x08008af4        0x8 c:/progra~3/matlab/suppor~1/r2021a/3p.instrset/gnuarm-armcortex.instrset/win/bin/../lib/gcc/arm-none-eabi/9.3.1/../../../../arm-none-eabi/lib/thumb/v7e-m+fp/hard/crt0.o
                                 0x10 (size before relaxing)
                0x08008afc                __exidx_end = .

.rel.dyn        0x08008afc        0x0
 .rel.iplt      0x08008afc        0x0 c:/progra~3/matlab/suppor~1/r2021a/3p.instrset/gnuarm-armcortex.instrset/win/bin/../lib/gcc/arm-none-eabi/9.3.1/thumb/v7e-m+fp/hard/crtbegin.o
                0x08008afc                . = ALIGN (0x4)
                0x08008afc                _etext = .
                0x08008afc                _sidata = .

.data           0x20000000      0xb78 load address 0x08008afc
                0x20000000                __data_start__ = .
                0x20000000                _sdata = __data_start__
 *(vtable)
 *(.data*)
 .data.SYSTICK_RELOAD
                0x20000000        0x4 profiler_timer.o
                0x20000000                SYSTICK_RELOAD
 .data.SYSTICK_CURRENT
                0x20000004        0x4 profiler_timer.o
                0x20000004                SYSTICK_CURRENT
 .data.SYSTICK_CTRL
                0x20000008        0x4 profiler_timer.o
                0x20000008                SYSTICK_CTRL
 .data.APBAHBPrescTable
                0x2000000c       0x10 stm32f4xx_rcc.o
 .data.SystemCoreClock
                0x2000001c        0x4 system_stm32f4xx.o
                0x2000001c                SystemCoreClock
 .data.AHBPrescTable
                0x20000020       0x10 system_stm32f4xx.o
                0x20000020                AHBPrescTable
 .data.processMsgSuccess
                0x20000030        0x4 xil_interface_lib.o
 *fill*         0x20000034        0x4 
 .data.bms_f4_P
                0x20000038      0xac8 ../instrumented/bms_f4_data.o
                0x20000038                bms_f4_P
 .data.realmin  0x20000b00        0x8 C:/Users/miche/Documents/GitHub/meltinglab/battery-management/workspace/bms_f4_ert_rtw/coderassumptions/lib/bms_f4_ca.lib(coder_assumptions_hwimpl.o)
 .data.denormalAsZero
                0x20000b08        0x8 C:/Users/miche/Documents/GitHub/meltinglab/battery-management/workspace/bms_f4_ert_rtw/coderassumptions/lib/bms_f4_ca.lib(coder_assumptions_flt.o)
                0x20000b08                denormalAsZero
 .data.impure_data
                0x20000b10       0x60 c:/progra~3/matlab/suppor~1/r2021a/3p.instrset/gnuarm-armcortex.instrset/win/bin/../lib/gcc/arm-none-eabi/9.3.1/../../../../arm-none-eabi/lib/thumb/v7e-m+fp/hard\libc_nano.a(lib_a-impure.o)
                0x20000b70                . = ALIGN (0x4)
                0x20000b70                PROVIDE (__preinit_array_start = .)
 *(.preinit_array)
                0x20000b70                PROVIDE (__preinit_array_end = .)
                0x20000b70                . = ALIGN (0x4)
                0x20000b70                PROVIDE (__init_array_start = .)
 *(SORT_BY_NAME(.init_array.*))
 *(.init_array)
 .init_array    0x20000b70        0x4 c:/progra~3/matlab/suppor~1/r2021a/3p.instrset/gnuarm-armcortex.instrset/win/bin/../lib/gcc/arm-none-eabi/9.3.1/thumb/v7e-m+fp/hard/crtbegin.o
                0x20000b74                PROVIDE (__init_array_end = .)
                0x20000b74                . = ALIGN (0x4)
                [!provide]                PROVIDE (__fini_array_start = .)
 *(SORT_BY_NAME(.fini_array.*))
 *(.fini_array)
 .fini_array    0x20000b74        0x4 c:/progra~3/matlab/suppor~1/r2021a/3p.instrset/gnuarm-armcortex.instrset/win/bin/../lib/gcc/arm-none-eabi/9.3.1/thumb/v7e-m+fp/hard/crtbegin.o
                [!provide]                PROVIDE (__fini_array_end = .)
 *(.jcr*)
                0x20000b78                . = ALIGN (0x4)
                0x20000b78                __data_end__ = .
                0x20000b78                _edata = __data_end__

.igot.plt       0x20000b78        0x0 load address 0x08009674
 .igot.plt      0x20000b78        0x0 c:/progra~3/matlab/suppor~1/r2021a/3p.instrset/gnuarm-armcortex.instrset/win/bin/../lib/gcc/arm-none-eabi/9.3.1/thumb/v7e-m+fp/hard/crtbegin.o

.bss            0x20000b78     0x1a94 load address 0x08009678
                0x20000b78                . = ALIGN (0x4)
                0x20000b78                _sbss = .
                0x20000b78                __bss_start__ = _sbss
 *(.bss .bss.*)
 .bss           0x20000b78       0x1c c:/progra~3/matlab/suppor~1/r2021a/3p.instrset/gnuarm-armcortex.instrset/win/bin/../lib/gcc/arm-none-eabi/9.3.1/thumb/v7e-m+fp/hard/crtbegin.o
 .bss.pBuffer   0x20000b94        0x4 codeinstr_data_stream.o
 .bss.codeInstrWriteBuffer
                0x20000b98        0x4 codeinstr_data_stream.o
 .bss.codeInstrWriteDataPtr
                0x20000b9c        0x4 codeinstr_data_stream.o
 .bss.codeInstrWriteDataAvail
                0x20000ba0        0x2 codeinstr_data_stream.o
 *fill*         0x20000ba2        0x2 
 .bss.commandComplete
                0x20000ba4        0x4 codeinstr_data_stream.o
 .bss.codeInstrWriteBuffer
                0x20000ba8       0x40 codeinstr_rtiostream.o
 .bss.pwsEnabled
                0x20000be8        0x1 coder_assumptions_app.o
 *fill*         0x20000be9        0x3 
 .bss.pBuffer   0x20000bec        0x4 coder_assumptions_data_stream.o
 .bss.coderAssumptionsWriteDataPtr
                0x20000bf0        0x4 coder_assumptions_data_stream.o
 .bss.coderAssumptionsWriteDataAvail
                0x20000bf4        0x2 coder_assumptions_data_stream.o
 *fill*         0x20000bf6        0x2 
 .bss.coderAssumpWriteBuffer
                0x20000bf8       0x20 coder_assumptions_rtiostream.o
 .bss.initTimer
                0x20000c18        0x1 profiler_timer.o
                0x20000c18                initTimer
 *fill*         0x20000c19        0x3 
 .bss.sysTickZeroCount
                0x20000c1c        0x4 profiler_timer.o
                0x20000c1c                sysTickZeroCount
 .bss.MW_USART_ERRNO
                0x20000c20        0x4 rtiostream_serial_dma_stm32f4xx.o
                0x20000c20                MW_USART_ERRNO
 .bss.UART_rxBuffer
                0x20000c24      0x800 rtiostream_serial_dma_stm32f4xx.o
 .bss.UART_txBuffer
                0x20001424      0x400 rtiostream_serial_dma_stm32f4xx.o
 .bss.UART_Rx   0x20001824        0x8 rtiostream_serial_dma_stm32f4xx.o
 .bss.UART_Tx   0x2000182c       0x48 rtiostream_serial_dma_stm32f4xx.o
 .bss.pBuffer   0x20001874        0x4 xil_data_stream.o
 .bss.xilWriteBuffer
                0x20001878        0x4 xil_data_stream.o
 .bss.xilWriteDataPtr
                0x2000187c        0x4 xil_data_stream.o
 .bss.xilWriteDataAvail
                0x20001880        0x2 xil_data_stream.o
 *fill*         0x20001882        0x2 
 .bss.commandResponseType
                0x20001884        0x4 xil_data_stream.o
 .bss.currentBufSize.9857
                0x20001888        0x2 xil_data_stream.o
 *fill*         0x2000188a        0x2 
 .bss.currentBufferPosition.9856
                0x2000188c        0x4 xil_data_stream.o
 .bss.xsd_xil_timer_corrected
                0x20001890        0x4 xil_instrumentation.o
 .bss.xsd_xil_timer_unfreeze
                0x20001894        0x4 xil_instrumentation.o
 .bss.xsd_xil_last_start_time
                0x20001898        0xc xil_instrumentation.o
 .bss.xsd_xil_capture_mode_max
                0x200018a4        0xc xil_instrumentation.o
 .bss.xsd_xil_capture_mode_avg
                0x200018b0        0xc xil_instrumentation.o
 .bss.xsd_xil_capture_mode_calls
                0x200018bc        0xc xil_instrumentation.o
 .bss.xil_fcnid0_task1_output_u
                0x200018c8       0x80 xil_interface.o
 .bss.xil_fcnid0_task1_y
                0x20001948       0x90 xil_interface.o
 .bss.xil_fcnid0_init_y
                0x200019d8       0x90 xil_interface.o
 .bss.xil_fcnid0_ws_params
                0x20001a68       0x80 xil_interface.o
 .bss.initComplete.10826
                0x20001ae8        0x4 xil_interface.o
 .bss.initComplete.10845
                0x20001aec        0x4 xil_interface.o
 .bss.initComplete.10893
                0x20001af0        0x4 xil_interface.o
 .bss.initComplete.10914
                0x20001af4        0x4 xil_interface.o
 .bss.xilIODataPtr
                0x20001af8        0x4 xil_interface_lib.o
 .bss.isShutdownCommand
                0x20001afc        0x4 xil_interface_lib.o
 .bss.cc        0x20001b00        0xc xil_interface_lib.o
 .bss.uDataAddress.9895
                0x20001b0c        0x4 xil_interface_lib.o
 .bss.uDataLength.9896
                0x20001b10        0x4 xil_interface_lib.o
 .bss.xilWriteBuffer
                0x20001b14       0x40 xil_rtiostream.o
 .bss.streamID  0x20001b54        0x4 xilcomms_rtiostream.o
 .bss.xilCommsBuffer
                0x20001b58       0x80 xilcomms_rtiostream.o
 *(COMMON)
 COMMON         0x20001bd8      0x998 ../instrumented/bms_f4.o
                0x20001bd8                bms_f4_B
                0x20001da8                bms_f4_U
                0x200021f0                bms_f4_Y
                0x20002460                bms_f4_DW
 COMMON         0x20002570       0x24 ../instrumented/rt_nonfinite.o
                0x20002570                rtNaNF
                0x20002574                rtInfF
                0x20002578                rtInf
                0x20002580                rtNaN
                0x20002588                rtMinusInf
                0x20002590                rtMinusInfF
 COMMON         0x20002594       0x74 C:/Users/miche/Documents/GitHub/meltinglab/battery-management/workspace/bms_f4_ert_rtw/coderassumptions/lib/bms_f4_ca.lib(bms_f4_ca.o)
                0x20002594                CA_bms_f4_PWSRes
                0x20002598                CA_bms_f4_ActHW
                0x200025e4                CA_bms_f4_HWRes
 COMMON         0x20002608        0x4 C:/Users/miche/Documents/GitHub/meltinglab/battery-management/workspace/bms_f4_ert_rtw/coderassumptions/lib/bms_f4_ca.lib(coder_assumptions_hwimpl.o)
                0x20002608                aGlobalInt
                0x2000260c                . = ALIGN (0x4)
                0x2000260c                _ebss = .
                0x2000260c                __bss_end__ = _ebss

.co_stack       0x10000000     0x2040
                0x10000000                . = ALIGN (0x8)
                0x10000000                __stack_end__ = .
 *(.co_stack .co_stack.*)
 .co_stack      0x10000000     0x2040 startup_stm32f4xx.o
                0x10000000                pulStack
                0x10002040                __stack_start__ = .
                0x10002040                . = ALIGN (0x8)
                0x10002040                _end_ccmram = .
                0x10002040                PROVIDE (_sheap = _end_ccmram)
                0x10010000                PROVIDE (_eheap = ALIGN ((ORIGIN (CCMRAM) + LENGTH (CCMRAM)), 0x8))
                0x10002040                PROVIDE (__stack = __stack_start__)
OUTPUT(./bms_f4.elf elf32-littlearm)
LOAD linker stubs

.ARM.attributes
                0x00000000       0x30
 .ARM.attributes
                0x00000000       0x1e c:/progra~3/matlab/suppor~1/r2021a/3p.instrset/gnuarm-armcortex.instrset/win/bin/../lib/gcc/arm-none-eabi/9.3.1/thumb/v7e-m+fp/hard/crti.o
 .ARM.attributes
                0x0000001e       0x34 c:/progra~3/matlab/suppor~1/r2021a/3p.instrset/gnuarm-armcortex.instrset/win/bin/../lib/gcc/arm-none-eabi/9.3.1/thumb/v7e-m+fp/hard/crtbegin.o
 .ARM.attributes
                0x00000052       0x1c c:/progra~3/matlab/suppor~1/r2021a/3p.instrset/gnuarm-armcortex.instrset/win/bin/../lib/gcc/arm-none-eabi/9.3.1/../../../../arm-none-eabi/lib/thumb/v7e-m+fp/hard/crt0.o
 .ARM.attributes
                0x0000006e       0x34 codeinstr_data_stream.o
 .ARM.attributes
                0x000000a2       0x34 codeinstr_rtiostream.o
 .ARM.attributes
                0x000000d6       0x34 coder_assumptions_app.o
 .ARM.attributes
                0x0000010a       0x34 coder_assumptions_data_stream.o
 .ARM.attributes
                0x0000013e       0x34 coder_assumptions_rtiostream.o
 .ARM.attributes
                0x00000172       0x34 misc.o
 .ARM.attributes
                0x000001a6       0x34 pil_main_stm32f4xx.o
 .ARM.attributes
                0x000001da       0x34 profiler_timer.o
 .ARM.attributes
                0x0000020e       0x34 rtiostream_serial_dma_stm32f4xx.o
 .ARM.attributes
                0x00000242       0x34 rtiostream_utils.o
 .ARM.attributes
                0x00000276       0x34 startup_stm32f4xx.o
 .ARM.attributes
                0x000002aa       0x34 stm32f4xx_dma.o
 .ARM.attributes
                0x000002de       0x34 stm32f4xx_gpio.o
 .ARM.attributes
                0x00000312       0x34 stm32f4xx_rcc.o
 .ARM.attributes
                0x00000346       0x34 stm32f4xx_usart.o
 .ARM.attributes
                0x0000037a       0x34 syscalls_stm32f4xx.o
 .ARM.attributes
                0x000003ae       0x34 system_stm32f4xx.o
 .ARM.attributes
                0x000003e2       0x34 xil_data_stream.o
 .ARM.attributes
                0x00000416       0x34 xil_instrumentation.o
 .ARM.attributes
                0x0000044a       0x34 xil_interface.o
 .ARM.attributes
                0x0000047e       0x34 xil_interface_lib.o
 .ARM.attributes
                0x000004b2       0x34 xil_rtiostream.o
 .ARM.attributes
                0x000004e6       0x34 xil_services.o
 .ARM.attributes
                0x0000051a       0x34 xilcomms_rtiostream.o
 .ARM.attributes
                0x0000054e       0x34 ../instrumented/bms_f4.o
 .ARM.attributes
                0x00000582       0x39 ../instrumented/bms_f4_data.o
 .ARM.attributes
                0x000005bb       0x34 ../instrumented/rtGetInf.o
 .ARM.attributes
                0x000005ef       0x34 ../instrumented/rtGetNaN.o
 .ARM.attributes
                0x00000623       0x34 ../instrumented/rt_nonfinite.o
 .ARM.attributes
                0x00000657       0x34 C:/Users/miche/Documents/GitHub/meltinglab/battery-management/workspace/bms_f4_ert_rtw/coderassumptions/lib/bms_f4_ca.lib(bms_f4_ca.o)
 .ARM.attributes
                0x0000068b       0x34 C:/Users/miche/Documents/GitHub/meltinglab/battery-management/workspace/bms_f4_ert_rtw/coderassumptions/lib/bms_f4_ca.lib(coder_assumptions_hwimpl.o)
 .ARM.attributes
                0x000006bf       0x39 C:/Users/miche/Documents/GitHub/meltinglab/battery-management/workspace/bms_f4_ert_rtw/coderassumptions/lib/bms_f4_ca.lib(coder_assumptions_flt.o)
 .ARM.attributes
                0x000006f8       0x34 c:/progra~3/matlab/suppor~1/r2021a/3p.instrset/gnuarm-armcortex.instrset/win/bin/../lib/gcc/arm-none-eabi/9.3.1/../../../../arm-none-eabi/lib/thumb/v7e-m+fp/hard\libm.a(lib_a-s_ceil.o)
 .ARM.attributes
                0x0000072c       0x1e c:/progra~3/matlab/suppor~1/r2021a/3p.instrset/gnuarm-armcortex.instrset/win/bin/../lib/gcc/arm-none-eabi/9.3.1/thumb/v7e-m+fp/hard\libgcc.a(_arm_addsubdf3.o)
 .ARM.attributes
                0x0000074a       0x1e c:/progra~3/matlab/suppor~1/r2021a/3p.instrset/gnuarm-armcortex.instrset/win/bin/../lib/gcc/arm-none-eabi/9.3.1/thumb/v7e-m+fp/hard\libgcc.a(_arm_muldivdf3.o)
 .ARM.attributes
                0x00000768       0x1e c:/progra~3/matlab/suppor~1/r2021a/3p.instrset/gnuarm-armcortex.instrset/win/bin/../lib/gcc/arm-none-eabi/9.3.1/thumb/v7e-m+fp/hard\libgcc.a(_arm_cmpdf2.o)
 .ARM.attributes
                0x00000786       0x1e c:/progra~3/matlab/suppor~1/r2021a/3p.instrset/gnuarm-armcortex.instrset/win/bin/../lib/gcc/arm-none-eabi/9.3.1/thumb/v7e-m+fp/hard\libgcc.a(_arm_fixunsdfsi.o)
 .ARM.attributes
                0x000007a4       0x1e c:/progra~3/matlab/suppor~1/r2021a/3p.instrset/gnuarm-armcortex.instrset/win/bin/../lib/gcc/arm-none-eabi/9.3.1/thumb/v7e-m+fp/hard\libgcc.a(_arm_truncdfsf2.o)
 .ARM.attributes
                0x000007c2       0x34 c:/progra~3/matlab/suppor~1/r2021a/3p.instrset/gnuarm-armcortex.instrset/win/bin/../lib/gcc/arm-none-eabi/9.3.1/../../../../arm-none-eabi/lib/thumb/v7e-m+fp/hard\libc_nano.a(lib_a-exit.o)
 .ARM.attributes
                0x000007f6       0x32 c:/progra~3/matlab/suppor~1/r2021a/3p.instrset/gnuarm-armcortex.instrset/win/bin/../lib/gcc/arm-none-eabi/9.3.1/../../../../arm-none-eabi/lib/thumb/v7e-m+fp/hard\libc_nano.a(lib_a-impure.o)
 .ARM.attributes
                0x00000828       0x34 c:/progra~3/matlab/suppor~1/r2021a/3p.instrset/gnuarm-armcortex.instrset/win/bin/../lib/gcc/arm-none-eabi/9.3.1/../../../../arm-none-eabi/lib/thumb/v7e-m+fp/hard\libc_nano.a(lib_a-init.o)
 .ARM.attributes
                0x0000085c       0x34 c:/progra~3/matlab/suppor~1/r2021a/3p.instrset/gnuarm-armcortex.instrset/win/bin/../lib/gcc/arm-none-eabi/9.3.1/../../../../arm-none-eabi/lib/thumb/v7e-m+fp/hard\libc_nano.a(lib_a-memcpy-stub.o)
 .ARM.attributes
                0x00000890       0x34 c:/progra~3/matlab/suppor~1/r2021a/3p.instrset/gnuarm-armcortex.instrset/win/bin/../lib/gcc/arm-none-eabi/9.3.1/../../../../arm-none-eabi/lib/thumb/v7e-m+fp/hard\libc_nano.a(lib_a-memset.o)
 .ARM.attributes
                0x000008c4       0x1e c:/progra~3/matlab/suppor~1/r2021a/3p.instrset/gnuarm-armcortex.instrset/win/bin/../lib/gcc/arm-none-eabi/9.3.1/thumb/v7e-m+fp/hard/crtn.o

.comment        0x00000000       0x4c
 .comment       0x00000000       0x4c codeinstr_data_stream.o
                                 0x4d (size before relaxing)
 .comment       0x0000004c       0x4d codeinstr_rtiostream.o
 .comment       0x0000004c       0x4d coder_assumptions_app.o
 .comment       0x0000004c       0x4d coder_assumptions_data_stream.o
 .comment       0x0000004c       0x4d coder_assumptions_rtiostream.o
 .comment       0x0000004c       0x4d misc.o
 .comment       0x0000004c       0x4d pil_main_stm32f4xx.o
 .comment       0x0000004c       0x4d profiler_timer.o
 .comment       0x0000004c       0x4d rtiostream_serial_dma_stm32f4xx.o
 .comment       0x0000004c       0x4d rtiostream_utils.o
 .comment       0x0000004c       0x4d startup_stm32f4xx.o
 .comment       0x0000004c       0x4d stm32f4xx_dma.o
 .comment       0x0000004c       0x4d stm32f4xx_gpio.o
 .comment       0x0000004c       0x4d stm32f4xx_rcc.o
 .comment       0x0000004c       0x4d stm32f4xx_usart.o
 .comment       0x0000004c       0x4d syscalls_stm32f4xx.o
 .comment       0x0000004c       0x4d system_stm32f4xx.o
 .comment       0x0000004c       0x4d xil_data_stream.o
 .comment       0x0000004c       0x4d xil_instrumentation.o
 .comment       0x0000004c       0x4d xil_interface.o
 .comment       0x0000004c       0x4d xil_interface_lib.o
 .comment       0x0000004c       0x4d xil_rtiostream.o
 .comment       0x0000004c       0x4d xil_services.o
 .comment       0x0000004c       0x4d xilcomms_rtiostream.o
 .comment       0x0000004c       0x4d ../instrumented/bms_f4.o
 .comment       0x0000004c       0x4d ../instrumented/bms_f4_data.o
 .comment       0x0000004c       0x4d ../instrumented/rtGetInf.o
 .comment       0x0000004c       0x4d ../instrumented/rtGetNaN.o
 .comment       0x0000004c       0x4d ../instrumented/rt_nonfinite.o
 .comment       0x0000004c       0x4d C:/Users/miche/Documents/GitHub/meltinglab/battery-management/workspace/bms_f4_ert_rtw/coderassumptions/lib/bms_f4_ca.lib(bms_f4_ca.o)
 .comment       0x0000004c       0x4d C:/Users/miche/Documents/GitHub/meltinglab/battery-management/workspace/bms_f4_ert_rtw/coderassumptions/lib/bms_f4_ca.lib(coder_assumptions_hwimpl.o)
 .comment       0x0000004c       0x4d C:/Users/miche/Documents/GitHub/meltinglab/battery-management/workspace/bms_f4_ert_rtw/coderassumptions/lib/bms_f4_ca.lib(coder_assumptions_flt.o)

.debug_frame    0x00000000      0x2d4
 .debug_frame   0x00000000       0x30 c:/progra~3/matlab/suppor~1/r2021a/3p.instrset/gnuarm-armcortex.instrset/win/bin/../lib/gcc/arm-none-eabi/9.3.1/../../../../arm-none-eabi/lib/thumb/v7e-m+fp/hard\libm.a(lib_a-s_ceil.o)
 .debug_frame   0x00000030       0xac c:/progra~3/matlab/suppor~1/r2021a/3p.instrset/gnuarm-armcortex.instrset/win/bin/../lib/gcc/arm-none-eabi/9.3.1/thumb/v7e-m+fp/hard\libgcc.a(_arm_addsubdf3.o)
 .debug_frame   0x000000dc       0x50 c:/progra~3/matlab/suppor~1/r2021a/3p.instrset/gnuarm-armcortex.instrset/win/bin/../lib/gcc/arm-none-eabi/9.3.1/thumb/v7e-m+fp/hard\libgcc.a(_arm_muldivdf3.o)
 .debug_frame   0x0000012c       0xc4 c:/progra~3/matlab/suppor~1/r2021a/3p.instrset/gnuarm-armcortex.instrset/win/bin/../lib/gcc/arm-none-eabi/9.3.1/thumb/v7e-m+fp/hard\libgcc.a(_arm_cmpdf2.o)
 .debug_frame   0x000001f0       0x24 c:/progra~3/matlab/suppor~1/r2021a/3p.instrset/gnuarm-armcortex.instrset/win/bin/../lib/gcc/arm-none-eabi/9.3.1/thumb/v7e-m+fp/hard\libgcc.a(_arm_fixunsdfsi.o)
 .debug_frame   0x00000214       0x24 c:/progra~3/matlab/suppor~1/r2021a/3p.instrset/gnuarm-armcortex.instrset/win/bin/../lib/gcc/arm-none-eabi/9.3.1/thumb/v7e-m+fp/hard\libgcc.a(_arm_truncdfsf2.o)
 .debug_frame   0x00000238       0x28 c:/progra~3/matlab/suppor~1/r2021a/3p.instrset/gnuarm-armcortex.instrset/win/bin/../lib/gcc/arm-none-eabi/9.3.1/../../../../arm-none-eabi/lib/thumb/v7e-m+fp/hard\libc_nano.a(lib_a-exit.o)
 .debug_frame   0x00000260       0x2c c:/progra~3/matlab/suppor~1/r2021a/3p.instrset/gnuarm-armcortex.instrset/win/bin/../lib/gcc/arm-none-eabi/9.3.1/../../../../arm-none-eabi/lib/thumb/v7e-m+fp/hard\libc_nano.a(lib_a-init.o)
 .debug_frame   0x0000028c       0x28 c:/progra~3/matlab/suppor~1/r2021a/3p.instrset/gnuarm-armcortex.instrset/win/bin/../lib/gcc/arm-none-eabi/9.3.1/../../../../arm-none-eabi/lib/thumb/v7e-m+fp/hard\libc_nano.a(lib_a-memcpy-stub.o)
 .debug_frame   0x000002b4       0x20 c:/progra~3/matlab/suppor~1/r2021a/3p.instrset/gnuarm-armcortex.instrset/win/bin/../lib/gcc/arm-none-eabi/9.3.1/../../../../arm-none-eabi/lib/thumb/v7e-m+fp/hard\libc_nano.a(lib_a-memset.o)
